Enter the total number of marks in the exam: Enter the number of marks the student was awarded: The student scored 100% in this exam. 
