Enter a number: You have entered a positive number.
