Enter the temperature: Nice weather we are having.
