Enter the temperature: I wish it was 1 degrees warmer.
