Enter the temperature: I wish it was 15 degrees warmer.
I am freezing!
